<?xml version="1.0" encoding="utf-8"?><testsuites><testsuite name="pytest" errors="0" failures="0" skipped="0" tests="4" time="570.562" timestamp="2026-01-22T12:03:04.838680+05:30" hostname="SPD"><testcase classname="tests.flaky.test_sort_price_flaky" name="test_sort_price_network_sensitive" time="0.016" /><testcase classname="tests.mcp.test_search_iphone_mcp" name="test_search_and_sort_iphone_mcp" time="563.876" /><testcase classname="tests.test_search_api" name="test_amazon_search_api_returns_results" time="1.559" /><testcase classname="tests.test_search_iphone" name="test_search_and_sort_iphone" time="233.859" /></testsuite></testsuites>